#-----------------------------------------------------------
# Vivado v2018.2 (64-bit)
# SW Build 2258646 on Thu Jun 14 20:03:12 MDT 2018
# IP Build 2256618 on Thu Jun 14 22:10:49 MDT 2018
# Start of session at: Sat Nov 25 21:21:40 2023
# Process ID: 20216
# Current directory: D:/UNI/FYP/FYP--Risc-V-32-bit-Matrix-Mac/Project/Pipline_Five_v_2.0
# Command line: vivado.exe -gui_launcher_event rodinguilauncherevent668 D:\UNI\FYP\FYP--Risc-V-32-bit-Matrix-Mac\Project\Pipline_Five_v_2.0\Pipline_Five_v_2.0.xpr
# Log file: D:/UNI/FYP/FYP--Risc-V-32-bit-Matrix-Mac/Project/Pipline_Five_v_2.0/vivado.log
# Journal file: D:/UNI/FYP/FYP--Risc-V-32-bit-Matrix-Mac/Project/Pipline_Five_v_2.0\vivado.jou
#-----------------------------------------------------------
start_gui
open_project D:/UNI/FYP/FYP--Risc-V-32-bit-Matrix-Mac/Project/Pipline_Five_v_2.0/Pipline_Five_v_2.0.xpr
launch_simulation -simset Pipe_Top_TB
open_wave_config D:/UNI/FYP/FYP--Risc-V-32-bit-Matrix-Mac/Project/Pipline_Five_v_2.0/Pipelined_Top_Basic_Frowarding_Unit_behav.wcfg
source Pipelined_Top_Testbench.tcl
reset_run synth_1
launch_runs impl_1 -to_step write_bitstream -jobs 10
wait_on_run impl_1
close_sim
