Copyright 1986-2018 Xilinx, Inc. All Rights Reserved.
-----------------------------------------------------------------------------------------
| Tool Version : Vivado v.2018.2 (win64) Build 2258646 Thu Jun 14 20:03:12 MDT 2018
| Date         : Wed Mar 27 11:27:07 2024
| Host         : Lucifer-Morning-Star running 64-bit major release  (build 9200)
| Command      : report_control_sets -verbose -file Pipeline_top_control_sets_placed.rpt
| Design       : Pipeline_top
| Device       : xc7a100t
-----------------------------------------------------------------------------------------

Control Set Information

Table of Contents
-----------------
1. Summary
2. Histogram
3. Flip-Flop Distribution
4. Detailed Control Set Information

1. Summary
----------

+----------------------------------------------------------+-------+
|                          Status                          | Count |
+----------------------------------------------------------+-------+
| Number of unique control sets                            |   519 |
| Unused register locations in slices containing registers |    16 |
+----------------------------------------------------------+-------+


2. Histogram
------------

+--------+--------------+
| Fanout | Control Sets |
+--------+--------------+
|      2 |            1 |
|    16+ |          518 |
+--------+--------------+


3. Flip-Flop Distribution
-------------------------

+--------------+-----------------------+------------------------+-----------------+--------------+
| Clock Enable | Synchronous Set/Reset | Asynchronous Set/Reset | Total Registers | Total Slices |
+--------------+-----------------------+------------------------+-----------------+--------------+
| No           | No                    | No                     |           32834 |         7617 |
| No           | No                    | Yes                    |            1146 |          118 |
| No           | Yes                   | No                     |              36 |            5 |
| Yes          | No                    | No                     |               0 |            0 |
| Yes          | No                    | Yes                    |             384 |           33 |
| Yes          | Yes                   | No                     |              64 |            5 |
+--------------+-----------------------+------------------------+-----------------+--------------+


4. Detailed Control Set Information
-----------------------------------

+-------------------------------------+--------------------+----------------------------+------------------+----------------+
|             Clock Signal            |    Enable Signal   |      Set/Reset Signal      | Slice Load Count | Bel Load Count |
+-------------------------------------+--------------------+----------------------------+------------------+----------------+
|  clk_100mhz_IBUF_BUFG               |                    |                            |                1 |              2 |
|  clk_100mhz_IBUF_BUFG               |                    | debouncer_clock/p_0_in__14 |                5 |             36 |
|  clk_100mhz_IBUF_BUFG               |                    | Execute/ResultE_r_reg[3]_0 |                5 |             36 |
|  Execute/ReadDataM_r_reg[0]_112[0]  |                    |                            |               17 |             64 |
|  Execute/ReadDataM_r_reg[0]_104[0]  |                    |                            |               13 |             64 |
|  Execute/ReadDataM_r_reg[0]_113[0]  |                    |                            |               15 |             64 |
|  Execute/ReadDataM_r_reg[0]_100[0]  |                    |                            |               13 |             64 |
|  Execute/ReadDataM_r_reg[0]_106[0]  |                    |                            |               10 |             64 |
|  Execute/ReadDataM_r_reg[0]_109[0]  |                    |                            |               16 |             64 |
|  Execute/ReadDataM_r_reg[0]_102[0]  |                    |                            |               10 |             64 |
|  Execute/ReadDataM_r_reg[0]_0[0]    |                    |                            |               17 |             64 |
|  Execute/ReadDataM_r_reg[0][0]      |                    |                            |               16 |             64 |
|  Execute/ReadDataM_r_reg[0]_1[0]    |                    |                            |               13 |             64 |
|  Execute/ReadDataM_r_reg[0]_10[0]   |                    |                            |               15 |             64 |
|  Execute/ReadDataM_r_reg[0]_101[0]  |                    |                            |               12 |             64 |
|  Execute/ReadDataM_r_reg[0]_103[0]  |                    |                            |               14 |             64 |
|  Execute/ReadDataM_r_reg[0]_105[0]  |                    |                            |               15 |             64 |
|  Execute/ReadDataM_r_reg[0]_107[0]  |                    |                            |               16 |             64 |
|  Execute/ReadDataM_r_reg[0]_108[0]  |                    |                            |               16 |             64 |
|  Execute/ReadDataM_r_reg[0]_134[0]  |                    |                            |               14 |             64 |
|  Execute/ReadDataM_r_reg[0]_24[0]   |                    |                            |               16 |             64 |
|  Execute/ReadDataM_r_reg[0]_133[0]  |                    |                            |               13 |             64 |
|  Execute/ReadDataM_r_reg[0]_135[0]  |                    |                            |               15 |             64 |
|  Execute/ReadDataM_r_reg[0]_150[0]  |                    |                            |               18 |             64 |
|  Execute/ReadDataM_r_reg[0]_23[0]   |                    |                            |               13 |             64 |
|  Execute/ReadDataM_r_reg[0]_142[0]  |                    |                            |               13 |             64 |
|  Execute/ReadDataM_r_reg[0]_144[0]  |                    |                            |               16 |             64 |
|  Execute/ReadDataM_r_reg[0]_31[0]   |                    |                            |               11 |             64 |
|  Execute/ReadDataM_r_reg[0]_128[0]  |                    |                            |               14 |             64 |
|  Execute/ReadDataM_r_reg[0]_137[0]  |                    |                            |               14 |             64 |
|  Execute/ReadDataM_r_reg[0]_143[0]  |                    |                            |               15 |             64 |
|  Execute/ReadDataM_r_reg[0]_145[0]  |                    |                            |               13 |             64 |
|  Execute/ReadDataM_r_reg[0]_141[0]  |                    |                            |               14 |             64 |
|  Execute/ReadDataM_r_reg[0]_146[0]  |                    |                            |               14 |             64 |
|  Execute/ReadDataM_r_reg[0]_17[0]   |                    |                            |               19 |             64 |
|  Execute/ReadDataM_r_reg[0]_32[0]   |                    |                            |               13 |             64 |
|  Execute/ReadDataM_r_reg[0]_19[0]   |                    |                            |               16 |             64 |
|  Execute/ReadDataM_r_reg[0]_147[0]  |                    |                            |               12 |             64 |
|  Execute/ReadDataM_r_reg[0]_2[0]    |                    |                            |               13 |             64 |
|  Execute/ReadDataM_r_reg[0]_20[0]   |                    |                            |               18 |             64 |
|  Execute/ReadDataM_r_reg[0]_116[0]  |                    |                            |               18 |             64 |
|  Execute/ReadDataM_r_reg[0]_123[0]  |                    |                            |               16 |             64 |
|  Execute/ReadDataM_r_reg[0]_132[0]  |                    |                            |               16 |             64 |
|  Execute/ReadDataM_r_reg[0]_138[0]  |                    |                            |               14 |             64 |
|  Execute/ReadDataM_r_reg[0]_149[0]  |                    |                            |               17 |             64 |
|  Execute/ReadDataM_r_reg[0]_139[0]  |                    |                            |               16 |             64 |
|  Execute/ReadDataM_r_reg[0]_117[0]  |                    |                            |               16 |             64 |
|  Execute/ReadDataM_r_reg[0]_152[0]  |                    |                            |               22 |             64 |
|  Execute/ReadDataM_r_reg[0]_125[0]  |                    |                            |               13 |             64 |
|  Execute/ReadDataM_r_reg[0]_126[0]  |                    |                            |               13 |             64 |
|  Execute/ReadDataM_r_reg[0]_130[0]  |                    |                            |               14 |             64 |
|  Execute/ReadDataM_r_reg[0]_136[0]  |                    |                            |               14 |             64 |
|  Execute/ReadDataM_r_reg[0]_140[0]  |                    |                            |               14 |             64 |
|  Execute/ReadDataM_r_reg[0]_151[0]  |                    |                            |               18 |             64 |
|  Execute/ReadDataM_r_reg[0]_153[0]  |                    |                            |               17 |             64 |
|  Execute/ReadDataM_r_reg[0]_16[0]   |                    |                            |               17 |             64 |
|  Execute/ReadDataM_r_reg[0]_18[0]   |                    |                            |               18 |             64 |
|  Execute/ReadDataM_r_reg[0]_119[0]  |                    |                            |               15 |             64 |
|  Execute/ReadDataM_r_reg[0]_156[0]  |                    |                            |               18 |             64 |
|  Execute/ReadDataM_r_reg[0]_25[0]   |                    |                            |               11 |             64 |
|  Execute/ReadDataM_r_reg[0]_26[0]   |                    |                            |               13 |             64 |
|  Execute/ReadDataM_r_reg[0]_27[0]   |                    |                            |               12 |             64 |
|  Execute/ReadDataM_r_reg[0]_120[0]  |                    |                            |               15 |             64 |
|  Execute/ReadDataM_r_reg[0]_28[0]   |                    |                            |               11 |             64 |
|  Execute/ReadDataM_r_reg[0]_29[0]   |                    |                            |               12 |             64 |
|  Execute/ReadDataM_r_reg[0]_114[0]  |                    |                            |               15 |             64 |
|  Execute/ReadDataM_r_reg[0]_122[0]  |                    |                            |               16 |             64 |
|  Execute/ReadDataM_r_reg[0]_3[0]    |                    |                            |               17 |             64 |
|  Execute/ReadDataM_r_reg[0]_30[0]   |                    |                            |               11 |             64 |
|  Execute/ReadDataM_r_reg[0]_118[0]  |                    |                            |               17 |             64 |
|  Execute/ReadDataM_r_reg[0]_13[0]   |                    |                            |               15 |             64 |
|  Execute/ReadDataM_r_reg[0]_15[0]   |                    |                            |               18 |             64 |
|  Execute/ReadDataM_r_reg[0]_121[0]  |                    |                            |               17 |             64 |
|  Execute/ReadDataM_r_reg[0]_12[0]   |                    |                            |               17 |             64 |
|  Execute/ReadDataM_r_reg[0]_115[0]  |                    |                            |               14 |             64 |
|  Execute/ReadDataM_r_reg[0]_129[0]  |                    |                            |               14 |             64 |
|  Execute/ReadDataM_r_reg[0]_14[0]   |                    |                            |               16 |             64 |
|  Execute/ReadDataM_r_reg[0]_127[0]  |                    |                            |               13 |             64 |
|  Execute/ReadDataM_r_reg[0]_154[0]  |                    |                            |               18 |             64 |
|  Execute/ReadDataM_r_reg[0]_148[0]  |                    |                            |               17 |             64 |
|  Execute/ReadDataM_r_reg[0]_155[0]  |                    |                            |               16 |             64 |
|  Execute/ReadDataM_r_reg[0]_131[0]  |                    |                            |               17 |             64 |
|  Execute/ReadDataM_r_reg[0]_124[0]  |                    |                            |               13 |             64 |
|  Execute/ReadDataM_r_reg[0]_64[0]   |                    |                            |               12 |             64 |
|  Execute/ReadDataM_r_reg[0]_36[0]   |                    |                            |               15 |             64 |
|  Execute/ReadDataM_r_reg[0]_45[0]   |                    |                            |               13 |             64 |
|  Execute/ReadDataM_r_reg[0]_72[0]   |                    |                            |               15 |             64 |
|  Execute/ReadDataM_r_reg[0]_74[0]   |                    |                            |               17 |             64 |
|  Execute/ReadDataM_r_reg[0]_75[0]   |                    |                            |               11 |             64 |
|  Execute/ReadDataM_r_reg[0]_35[0]   |                    |                            |               16 |             64 |
|  Execute/ReadDataM_r_reg[0]_66[0]   |                    |                            |               12 |             64 |
|  Execute/ReadDataM_r_reg[0]_78[0]   |                    |                            |               15 |             64 |
|  Execute/ReadDataM_r_reg[0]_79[0]   |                    |                            |               16 |             64 |
|  Execute/ReadDataM_r_reg[0]_8[0]    |                    |                            |               15 |             64 |
|  Execute/ReadDataM_r_reg[0]_4[0]    |                    |                            |               12 |             64 |
|  Execute/ReadDataM_r_reg[0]_5[0]    |                    |                            |               14 |             64 |
|  Execute/ReadDataM_r_reg[0]_80[0]   |                    |                            |               12 |             64 |
|  Execute/ReadDataM_r_reg[0]_81[0]   |                    |                            |               11 |             64 |
|  Execute/ReadDataM_r_reg[0]_82[0]   |                    |                            |               11 |             64 |
|  Execute/ReadDataM_r_reg[0]_55[0]   |                    |                            |               14 |             64 |
|  Execute/ReadDataM_r_reg[0]_83[0]   |                    |                            |               15 |             64 |
|  Execute/ReadDataM_r_reg[0]_42[0]   |                    |                            |               13 |             64 |
|  Execute/ReadDataM_r_reg[0]_57[0]   |                    |                            |               15 |             64 |
|  Execute/ReadDataM_r_reg[0]_85[0]   |                    |                            |               13 |             64 |
|  Execute/ReadDataM_r_reg[0]_41[0]   |                    |                            |               14 |             64 |
|  Execute/ReadDataM_r_reg[0]_54[0]   |                    |                            |               12 |             64 |
|  Execute/ReadDataM_r_reg[0]_6[0]    |                    |                            |               15 |             64 |
|  Execute/ReadDataM_r_reg[0]_61[0]   |                    |                            |               14 |             64 |
|  Execute/ReadDataM_r_reg[0]_68[0]   |                    |                            |               13 |             64 |
|  Execute/ReadDataM_r_reg[0]_50[0]   |                    |                            |               16 |             64 |
|  Execute/ReadDataM_r_reg[0]_46[0]   |                    |                            |               14 |             64 |
|  Execute/ReadDataM_r_reg[0]_60[0]   |                    |                            |               15 |             64 |
|  Execute/ReadDataM_r_reg[0]_33[0]   |                    |                            |               15 |             64 |
|  Execute/ReadDataM_r_reg[0]_40[0]   |                    |                            |               11 |             64 |
|  Execute/ReadDataM_r_reg[0]_39[0]   |                    |                            |               15 |             64 |
|  Execute/ReadDataM_r_reg[0]_44[0]   |                    |                            |               13 |             64 |
|  Execute/ReadDataM_r_reg[0]_69[0]   |                    |                            |               12 |             64 |
|  Execute/ReadDataM_r_reg[0]_70[0]   |                    |                            |               13 |             64 |
|  Execute/ReadDataM_r_reg[0]_71[0]   |                    |                            |               15 |             64 |
|  Execute/ReadDataM_r_reg[0]_76[0]   |                    |                            |               11 |             64 |
|  Execute/ReadDataM_r_reg[0]_77[0]   |                    |                            |               11 |             64 |
|  Execute/ReadDataM_r_reg[0]_86[0]   |                    |                            |               12 |             64 |
|  Execute/ReadDataM_r_reg[0]_87[0]   |                    |                            |               13 |             64 |
|  Execute/ReadDataM_r_reg[0]_88[0]   |                    |                            |               16 |             64 |
|  Execute/ReadDataM_r_reg[0]_38[0]   |                    |                            |               14 |             64 |
|  Execute/ReadDataM_r_reg[0]_59[0]   |                    |                            |               13 |             64 |
|  Execute/ReadDataM_r_reg[0]_65[0]   |                    |                            |               12 |             64 |
|  Execute/ReadDataM_r_reg[0]_89[0]   |                    |                            |               11 |             64 |
|  Execute/ReadDataM_r_reg[0]_9[0]    |                    |                            |               13 |             64 |
|  Execute/ReadDataM_r_reg[0]_52[0]   |                    |                            |               11 |             64 |
|  Execute/ReadDataM_r_reg[0]_73[0]   |                    |                            |               14 |             64 |
|  Execute/ReadDataM_r_reg[0]_84[0]   |                    |                            |               15 |             64 |
|  Execute/ReadDataM_r_reg[0]_90[0]   |                    |                            |               11 |             64 |
|  Execute/ReadDataM_r_reg[0]_49[0]   |                    |                            |               15 |             64 |
|  Execute/ReadDataM_r_reg[0]_48[0]   |                    |                            |               15 |             64 |
|  Execute/ReadDataM_r_reg[0]_62[0]   |                    |                            |               14 |             64 |
|  Execute/ReadDataM_r_reg[0]_67[0]   |                    |                            |               12 |             64 |
|  Execute/ReadDataM_r_reg[0]_7[0]    |                    |                            |               14 |             64 |
|  Execute/ReadDataM_r_reg[0]_53[0]   |                    |                            |               12 |             64 |
|  Execute/ReadDataM_r_reg[0]_37[0]   |                    |                            |               13 |             64 |
|  Execute/ReadDataM_r_reg[0]_47[0]   |                    |                            |               15 |             64 |
|  Execute/ReadDataM_r_reg[0]_43[0]   |                    |                            |               14 |             64 |
|  Execute/ReadDataM_r_reg[0]_51[0]   |                    |                            |               15 |             64 |
|  Execute/ReadDataM_r_reg[0]_56[0]   |                    |                            |               13 |             64 |
|  Execute/ReadDataM_r_reg[0]_58[0]   |                    |                            |               16 |             64 |
|  Execute/ReadDataM_r_reg[0]_34[0]   |                    |                            |               15 |             64 |
|  Execute/ReadDataM_r_reg[0]_63[0]   |                    |                            |               13 |             64 |
|  Execute/ReadDataM_r_reg[31]_101[0] |                    |                            |               18 |             64 |
|  Execute/ReadDataM_r_reg[31]_103[0] |                    |                            |               14 |             64 |
|  Execute/ReadDataM_r_reg[0]_95[0]   |                    |                            |               14 |             64 |
|  Execute/ReadDataM_r_reg[31]_102[0] |                    |                            |               17 |             64 |
|  Execute/ReadDataM_r_reg[31]_104[0] |                    |                            |               13 |             64 |
|  Execute/ReadDataM_r_reg[31]_108[0] |                    |                            |               18 |             64 |
|  Execute/ReadDataM_r_reg[31]_100[0] |                    |                            |               19 |             64 |
|  Execute/ReadDataM_r_reg[0]_92[0]   |                    |                            |               16 |             64 |
|  Execute/ReadDataM_r_reg[0]_97[0]   |                    |                            |               12 |             64 |
|  Execute/ReadDataM_r_reg[0]_99[0]   |                    |                            |               14 |             64 |
|  Execute/ReadDataM_r_reg[0]_94[0]   |                    |                            |               14 |             64 |
|  Execute/ReadDataM_r_reg[0]_96[0]   |                    |                            |               13 |             64 |
|  Execute/ReadDataM_r_reg[0]_91[0]   |                    |                            |               13 |             64 |
|  Execute/ReadDataM_r_reg[31]_106[0] |                    |                            |               16 |             64 |
|  Execute/ReadDataM_r_reg[31]_107[0] |                    |                            |               19 |             64 |
|  Execute/ReadDataM_r_reg[31]_109[0] |                    |                            |               13 |             64 |
|  Execute/ReadDataM_r_reg[31]_105[0] |                    |                            |               14 |             64 |
|  Execute/ReadDataM_r_reg[0]_98[0]   |                    |                            |               15 |             64 |
|  Execute/ReadDataM_r_reg[0]_93[0]   |                    |                            |               14 |             64 |
|  Execute/ReadDataM_r_reg[31]_121[0] |                    |                            |               13 |             64 |
|  Execute/ReadDataM_r_reg[31]_122[0] |                    |                            |               14 |             64 |
|  Execute/ReadDataM_r_reg[31]_113[0] |                    |                            |               15 |             64 |
|  Execute/ReadDataM_r_reg[31]_117[0] |                    |                            |               17 |             64 |
|  Execute/ReadDataM_r_reg[31]_114[0] |                    |                            |               11 |             64 |
|  Execute/ReadDataM_r_reg[31]_119[0] |                    |                            |               15 |             64 |
|  Execute/ReadDataM_r_reg[31]_120[0] |                    |                            |               13 |             64 |
|  Execute/ReadDataM_r_reg[31]_111[0] |                    |                            |               13 |             64 |
|  Execute/ReadDataM_r_reg[31]_115[0] |                    |                            |               14 |             64 |
|  Execute/ReadDataM_r_reg[31]_116[0] |                    |                            |               13 |             64 |
|  Execute/ReadDataM_r_reg[31]_118[0] |                    |                            |               14 |             64 |
|  Execute/ReadDataM_r_reg[31]_112[0] |                    |                            |               13 |             64 |
|  Execute/ReadDataM_r_reg[31]_110[0] |                    |                            |               13 |             64 |
|  Execute/ReadDataM_r_reg[31]_138[0] |                    |                            |               17 |             64 |
|  Execute/ReadDataM_r_reg[31]_15[0]  |                    |                            |               19 |             64 |
|  Execute/ReadDataM_r_reg[31]_132[0] |                    |                            |               15 |             64 |
|  Execute/ReadDataM_r_reg[31]_14[0]  |                    |                            |               14 |             64 |
|  Execute/ReadDataM_r_reg[31]_130[0] |                    |                            |               19 |             64 |
|  Execute/ReadDataM_r_reg[31]_150[0] |                    |                            |               11 |             64 |
|  Execute/ReadDataM_r_reg[31]_151[0] |                    |                            |               14 |             64 |
|  Execute/ReadDataM_r_reg[31]_152[0] |                    |                            |               14 |             64 |
|  Execute/ReadDataM_r_reg[31]_123[0] |                    |                            |               16 |             64 |
|  Execute/ReadDataM_r_reg[31]_128[0] |                    |                            |               16 |             64 |
|  Execute/ReadDataM_r_reg[31]_133[0] |                    |                            |               22 |             64 |
|  Execute/ReadDataM_r_reg[31]_134[0] |                    |                            |               19 |             64 |
|  Execute/ReadDataM_r_reg[31]_135[0] |                    |                            |               12 |             64 |
|  Execute/ReadDataM_r_reg[31]_137[0] |                    |                            |               14 |             64 |
|  Execute/ReadDataM_r_reg[31]_127[0] |                    |                            |               24 |             64 |
|  Execute/ReadDataM_r_reg[31]_131[0] |                    |                            |               16 |             64 |
|  Execute/ReadDataM_r_reg[31]_125[0] |                    |                            |               17 |             64 |
|  Execute/ReadDataM_r_reg[31]_139[0] |                    |                            |               13 |             64 |
|  Execute/ReadDataM_r_reg[31]_140[0] |                    |                            |               15 |             64 |
|  Execute/ReadDataM_r_reg[31]_144[0] |                    |                            |               15 |             64 |
|  Execute/ReadDataM_r_reg[31]_142[0] |                    |                            |               16 |             64 |
|  Execute/ReadDataM_r_reg[31]_126[0] |                    |                            |               22 |             64 |
|  Execute/ReadDataM_r_reg[31]_129[0] |                    |                            |               19 |             64 |
|  Execute/ReadDataM_r_reg[31]_141[0] |                    |                            |               16 |             64 |
|  Execute/ReadDataM_r_reg[31]_136[0] |                    |                            |               14 |             64 |
|  Execute/ReadDataM_r_reg[31]_143[0] |                    |                            |               16 |             64 |
|  Execute/ReadDataM_r_reg[31]_145[0] |                    |                            |               14 |             64 |
|  Execute/ReadDataM_r_reg[31]_146[0] |                    |                            |               16 |             64 |
|  Execute/ReadDataM_r_reg[31]_147[0] |                    |                            |               16 |             64 |
|  Execute/ReadDataM_r_reg[31]_148[0] |                    |                            |               16 |             64 |
|  Execute/ReadDataM_r_reg[31]_149[0] |                    |                            |               16 |             64 |
|  Execute/ReadDataM_r_reg[31]_124[0] |                    |                            |               16 |             64 |
|  Execute/ReadDataM_r_reg[31]_190[0] |                    |                            |               11 |             64 |
|  Execute/ReadDataM_r_reg[31]_204[0] |                    |                            |               16 |             64 |
|  Execute/ReadDataM_r_reg[31]_207[0] |                    |                            |               18 |             64 |
|  Execute/ReadDataM_r_reg[31]_179[0] |                    |                            |               12 |             64 |
|  Execute/ReadDataM_r_reg[31]_195[0] |                    |                            |               15 |             64 |
|  Execute/ReadDataM_r_reg[31]_166[0] |                    |                            |               14 |             64 |
|  Execute/ReadDataM_r_reg[31]_198[0] |                    |                            |               17 |             64 |
|  Execute/ReadDataM_r_reg[31]_196[0] |                    |                            |               16 |             64 |
|  Execute/ReadDataM_r_reg[31]_20[0]  |                    |                            |               17 |             64 |
|  Execute/ReadDataM_r_reg[31]_155[0] |                    |                            |               18 |             64 |
|  Execute/ReadDataM_r_reg[31]_192[0] |                    |                            |               16 |             64 |
|  Execute/ReadDataM_r_reg[31]_170[0] |                    |                            |               14 |             64 |
|  Execute/ReadDataM_r_reg[31]_181[0] |                    |                            |               15 |             64 |
|  Execute/ReadDataM_r_reg[31]_187[0] |                    |                            |               11 |             64 |
|  Execute/ReadDataM_r_reg[31]_177[0] |                    |                            |               19 |             64 |
|  Execute/ReadDataM_r_reg[31]_157[0] |                    |                            |               16 |             64 |
|  Execute/ReadDataM_r_reg[31]_160[0] |                    |                            |               15 |             64 |
|  Execute/ReadDataM_r_reg[31]_161[0] |                    |                            |               15 |             64 |
|  Execute/ReadDataM_r_reg[31]_165[0] |                    |                            |               15 |             64 |
|  Execute/ReadDataM_r_reg[31]_169[0] |                    |                            |               16 |             64 |
|  Execute/ReadDataM_r_reg[31]_184[0] |                    |                            |               15 |             64 |
|  Execute/ReadDataM_r_reg[31]_172[0] |                    |                            |               15 |             64 |
|  Execute/ReadDataM_r_reg[31]_19[0]  |                    |                            |               15 |             64 |
|  Execute/ReadDataM_r_reg[31]_193[0] |                    |                            |               14 |             64 |
|  Execute/ReadDataM_r_reg[31]_176[0] |                    |                            |               19 |             64 |
|  Execute/ReadDataM_r_reg[31]_178[0] |                    |                            |               13 |             64 |
|  Execute/ReadDataM_r_reg[31]_191[0] |                    |                            |               13 |             64 |
|  Execute/ReadDataM_r_reg[31]_189[0] |                    |                            |               13 |             64 |
|  Execute/ReadDataM_r_reg[31]_158[0] |                    |                            |               13 |             64 |
|  Execute/ReadDataM_r_reg[31]_18[0]  |                    |                            |               13 |             64 |
|  Execute/ReadDataM_r_reg[31]_202[0] |                    |                            |               17 |             64 |
|  Execute/ReadDataM_r_reg[31]_205[0] |                    |                            |               17 |             64 |
|  Execute/ReadDataM_r_reg[31]_153[0] |                    |                            |               12 |             64 |
|  Execute/ReadDataM_r_reg[31]_159[0] |                    |                            |               15 |             64 |
|  Execute/ReadDataM_r_reg[31]_180[0] |                    |                            |               15 |             64 |
|  Execute/ReadDataM_r_reg[31]_201[0] |                    |                            |               14 |             64 |
|  Execute/ReadDataM_r_reg[31]_17[0]  |                    |                            |               11 |             64 |
|  Execute/ReadDataM_r_reg[31]_174[0] |                    |                            |               15 |             64 |
|  Execute/ReadDataM_r_reg[31]_156[0] |                    |                            |               14 |             64 |
|  Execute/ReadDataM_r_reg[31]_163[0] |                    |                            |               14 |             64 |
|  Execute/ReadDataM_r_reg[31]_168[0] |                    |                            |               19 |             64 |
|  Execute/ReadDataM_r_reg[31]_200[0] |                    |                            |               15 |             64 |
|  Execute/ReadDataM_r_reg[31]_206[0] |                    |                            |               16 |             64 |
|  Execute/ReadDataM_r_reg[31]_209[0] |                    |                            |               12 |             64 |
|  Execute/ReadDataM_r_reg[31]_199[0] |                    |                            |               10 |             64 |
|  Execute/ReadDataM_r_reg[31]_21[0]  |                    |                            |               13 |             64 |
|  Execute/ReadDataM_r_reg[31]_171[0] |                    |                            |               15 |             64 |
|  Execute/ReadDataM_r_reg[31]_164[0] |                    |                            |               15 |             64 |
|  Execute/ReadDataM_r_reg[31]_186[0] |                    |                            |               12 |             64 |
|  Execute/ReadDataM_r_reg[31]_194[0] |                    |                            |               15 |             64 |
|  Execute/ReadDataM_r_reg[31]_210[0] |                    |                            |               14 |             64 |
|  Execute/ReadDataM_r_reg[31]_16[0]  |                    |                            |               15 |             64 |
|  Execute/ReadDataM_r_reg[31]_154[0] |                    |                            |               18 |             64 |
|  Execute/ReadDataM_r_reg[31]_185[0] |                    |                            |               11 |             64 |
|  Execute/ReadDataM_r_reg[31]_197[0] |                    |                            |               18 |             64 |
|  Execute/ReadDataM_r_reg[31]_203[0] |                    |                            |               13 |             64 |
|  Execute/ReadDataM_r_reg[31]_188[0] |                    |                            |               16 |             64 |
|  Execute/ReadDataM_r_reg[31]_208[0] |                    |                            |               16 |             64 |
|  Execute/ReadDataM_r_reg[31]_182[0] |                    |                            |               17 |             64 |
|  Execute/ReadDataM_r_reg[31]_162[0] |                    |                            |               15 |             64 |
|  Execute/ReadDataM_r_reg[31]_175[0] |                    |                            |               18 |             64 |
|  Execute/ReadDataM_r_reg[31]_167[0] |                    |                            |               14 |             64 |
|  Execute/ReadDataM_r_reg[31]_183[0] |                    |                            |               16 |             64 |
|  Execute/ReadDataM_r_reg[31]_173[0] |                    |                            |               15 |             64 |
|  Execute/ReadDataM_r_reg[31]_225[0] |                    |                            |               13 |             64 |
|  Execute/ReadDataM_r_reg[31]_251[0] |                    |                            |               13 |             64 |
|  Execute/ReadDataM_r_reg[31]_253[0] |                    |                            |               16 |             64 |
|  Execute/ReadDataM_r_reg[31]_255[0] |                    |                            |               14 |             64 |
|  Execute/ReadDataM_r_reg[31]_218[0] |                    |                            |               15 |             64 |
|  Execute/ReadDataM_r_reg[31]_259[0] |                    |                            |               16 |             64 |
|  Execute/ReadDataM_r_reg[31]_26[0]  |                    |                            |               12 |             64 |
|  Execute/ReadDataM_r_reg[31]_262[0] |                    |                            |               15 |             64 |
|  Execute/ReadDataM_r_reg[31]_246[0] |                    |                            |               14 |             64 |
|  Execute/ReadDataM_r_reg[31]_229[0] |                    |                            |               14 |             64 |
|  Execute/ReadDataM_r_reg[31]_257[0] |                    |                            |               15 |             64 |
|  Execute/ReadDataM_r_reg[31]_260[0] |                    |                            |               15 |             64 |
|  Execute/ReadDataM_r_reg[31]_263[0] |                    |                            |               13 |             64 |
|  Execute/ReadDataM_r_reg[31]_264[0] |                    |                            |               16 |             64 |
|  Execute/ReadDataM_r_reg[31]_265[0] |                    |                            |               16 |             64 |
|  Execute/ReadDataM_r_reg[31]_266[0] |                    |                            |               16 |             64 |
|  Execute/ReadDataM_r_reg[31]_267[0] |                    |                            |               19 |             64 |
|  Execute/ReadDataM_r_reg[31]_230[0] |                    |                            |               15 |             64 |
|  Execute/ReadDataM_r_reg[31]_211[0] |                    |                            |               15 |             64 |
|  Execute/ReadDataM_r_reg[31]_231[0] |                    |                            |               12 |             64 |
|  Execute/ReadDataM_r_reg[31]_268[0] |                    |                            |               13 |             64 |
|  Execute/ReadDataM_r_reg[31]_22[0]  |                    |                            |               12 |             64 |
|  Execute/ReadDataM_r_reg[31]_269[0] |                    |                            |               12 |             64 |
|  Execute/ReadDataM_r_reg[31]_258[0] |                    |                            |               15 |             64 |
|  Execute/ReadDataM_r_reg[31]_213[0] |                    |                            |               15 |             64 |
|  Execute/ReadDataM_r_reg[31]_249[0] |                    |                            |               13 |             64 |
|  Execute/ReadDataM_r_reg[31]_261[0] |                    |                            |               13 |             64 |
|  Execute/ReadDataM_r_reg[31]_252[0] |                    |                            |               14 |             64 |
|  Execute/ReadDataM_r_reg[31]_220[0] |                    |                            |               16 |             64 |
|  Execute/ReadDataM_r_reg[31]_250[0] |                    |                            |               16 |             64 |
|  Execute/ReadDataM_r_reg[31]_219[0] |                    |                            |               15 |             64 |
|  Execute/ReadDataM_r_reg[31]_224[0] |                    |                            |               17 |             64 |
|  Execute/ReadDataM_r_reg[31]_228[0] |                    |                            |               13 |             64 |
|  Execute/ReadDataM_r_reg[31]_23[0]  |                    |                            |               11 |             64 |
|  Execute/ReadDataM_r_reg[31]_235[0] |                    |                            |               15 |             64 |
|  Execute/ReadDataM_r_reg[31]_254[0] |                    |                            |               15 |             64 |
|  Execute/ReadDataM_r_reg[31]_239[0] |                    |                            |               12 |             64 |
|  Execute/ReadDataM_r_reg[31]_256[0] |                    |                            |               15 |             64 |
|  Execute/ReadDataM_r_reg[31]_223[0] |                    |                            |               13 |             64 |
|  Execute/ReadDataM_r_reg[31]_227[0] |                    |                            |               14 |             64 |
|  Execute/ReadDataM_r_reg[31]_215[0] |                    |                            |               18 |             64 |
|  Execute/ReadDataM_r_reg[31]_24[0]  |                    |                            |               13 |             64 |
|  Execute/ReadDataM_r_reg[31]_236[0] |                    |                            |               17 |             64 |
|  Execute/ReadDataM_r_reg[31]_243[0] |                    |                            |               12 |             64 |
|  Execute/ReadDataM_r_reg[31]_232[0] |                    |                            |               15 |             64 |
|  Execute/ReadDataM_r_reg[31]_234[0] |                    |                            |               15 |             64 |
|  Execute/ReadDataM_r_reg[31]_241[0] |                    |                            |               12 |             64 |
|  Execute/ReadDataM_r_reg[31]_233[0] |                    |                            |               16 |             64 |
|  Execute/ReadDataM_r_reg[31]_245[0] |                    |                            |               13 |             64 |
|  Execute/ReadDataM_r_reg[31]_248[0] |                    |                            |               15 |             64 |
|  Execute/ReadDataM_r_reg[31]_222[0] |                    |                            |               11 |             64 |
|  Execute/ReadDataM_r_reg[31]_217[0] |                    |                            |               15 |             64 |
|  Execute/ReadDataM_r_reg[31]_221[0] |                    |                            |               14 |             64 |
|  Execute/ReadDataM_r_reg[31]_226[0] |                    |                            |               13 |             64 |
|  Execute/ReadDataM_r_reg[31]_238[0] |                    |                            |               13 |             64 |
|  Execute/ReadDataM_r_reg[31]_216[0] |                    |                            |               14 |             64 |
|  Execute/ReadDataM_r_reg[31]_242[0] |                    |                            |               13 |             64 |
|  Execute/ReadDataM_r_reg[31]_244[0] |                    |                            |               13 |             64 |
|  Execute/ReadDataM_r_reg[31]_25[0]  |                    |                            |               15 |             64 |
|  Execute/ReadDataM_r_reg[31]_237[0] |                    |                            |               12 |             64 |
|  Execute/ReadDataM_r_reg[31]_212[0] |                    |                            |               17 |             64 |
|  Execute/ReadDataM_r_reg[31]_247[0] |                    |                            |               12 |             64 |
|  Execute/ReadDataM_r_reg[31]_240[0] |                    |                            |               12 |             64 |
|  Execute/ReadDataM_r_reg[31]_214[0] |                    |                            |               21 |             64 |
|  Execute/ReadDataM_r_reg[31]_294[0] |                    |                            |               15 |             64 |
|  Execute/ReadDataM_r_reg[31]_296[0] |                    |                            |               15 |             64 |
|  Execute/ReadDataM_r_reg[31]_309[0] |                    |                            |               13 |             64 |
|  Execute/ReadDataM_r_reg[31]_292[0] |                    |                            |               14 |             64 |
|  Execute/ReadDataM_r_reg[31]_285[0] |                    |                            |               12 |             64 |
|  Execute/ReadDataM_r_reg[31]_304[0] |                    |                            |               12 |             64 |
|  Execute/ReadDataM_r_reg[31]_295[0] |                    |                            |               15 |             64 |
|  Execute/ReadDataM_r_reg[31]_306[0] |                    |                            |               16 |             64 |
|  Execute/ReadDataM_r_reg[31]_310[0] |                    |                            |               13 |             64 |
|  Execute/ReadDataM_r_reg[31]_280[0] |                    |                            |               15 |             64 |
|  Execute/ReadDataM_r_reg[31]_311[0] |                    |                            |               15 |             64 |
|  Execute/ReadDataM_r_reg[31]_30[0]  |                    |                            |               15 |             64 |
|  Execute/ReadDataM_r_reg[31]_286[0] |                    |                            |               16 |             64 |
|  Execute/ReadDataM_r_reg[31]_324[0] |                    |                            |               18 |             64 |
|  Execute/ReadDataM_r_reg[31]_325[0] |                    |                            |               17 |             64 |
|  Execute/ReadDataM_r_reg[31]_305[0] |                    |                            |               15 |             64 |
|  Execute/ReadDataM_r_reg[31]_31[0]  |                    |                            |               14 |             64 |
|  Execute/ReadDataM_r_reg[31]_314[0] |                    |                            |               17 |             64 |
|  Execute/ReadDataM_r_reg[31]_302[0] |                    |                            |               17 |             64 |
|  Execute/ReadDataM_r_reg[31]_315[0] |                    |                            |               15 |             64 |
|  Execute/ReadDataM_r_reg[31]_326[0] |                    |                            |               18 |             64 |
|  Execute/ReadDataM_r_reg[31]_27[0]  |                    |                            |               14 |             64 |
|  Execute/ReadDataM_r_reg[31]_273[0] |                    |                            |               15 |             64 |
|  Execute/ReadDataM_r_reg[31]_276[0] |                    |                            |               17 |             64 |
|  Execute/ReadDataM_r_reg[31]_301[0] |                    |                            |               15 |             64 |
|  Execute/ReadDataM_r_reg[31]_327[0] |                    |                            |               14 |             64 |
|  Execute/ReadDataM_r_reg[31]_283[0] |                    |                            |               15 |             64 |
|  Execute/ReadDataM_r_reg[31]_272[0] |                    |                            |               16 |             64 |
|  Execute/ReadDataM_r_reg[31]_290[0] |                    |                            |               15 |             64 |
|  Execute/ReadDataM_r_reg[31]_278[0] |                    |                            |               16 |             64 |
|  Execute/ReadDataM_r_reg[31]_270[0] |                    |                            |               15 |             64 |
|  Execute/ReadDataM_r_reg[31]_279[0] |                    |                            |               13 |             64 |
|  Execute/ReadDataM_r_reg[31]_282[0] |                    |                            |               14 |             64 |
|  Execute/ReadDataM_r_reg[31]_291[0] |                    |                            |               16 |             64 |
|  Execute/ReadDataM_r_reg[31]_293[0] |                    |                            |               12 |             64 |
|  Execute/ReadDataM_r_reg[31]_281[0] |                    |                            |               13 |             64 |
|  Execute/ReadDataM_r_reg[31]_299[0] |                    |                            |               15 |             64 |
|  Execute/ReadDataM_r_reg[31]_300[0] |                    |                            |               15 |             64 |
|  Execute/ReadDataM_r_reg[31]_288[0] |                    |                            |               15 |             64 |
|  Execute/ReadDataM_r_reg[31]_303[0] |                    |                            |               11 |             64 |
|  Execute/ReadDataM_r_reg[31]_308[0] |                    |                            |               16 |             64 |
|  Execute/ReadDataM_r_reg[31]_298[0] |                    |                            |               14 |             64 |
|  Execute/ReadDataM_r_reg[31]_313[0] |                    |                            |               16 |             64 |
|  Execute/ReadDataM_r_reg[31]_29[0]  |                    |                            |               15 |             64 |
|  Execute/ReadDataM_r_reg[31]_316[0] |                    |                            |               16 |             64 |
|  Execute/ReadDataM_r_reg[31]_318[0] |                    |                            |               14 |             64 |
|  Execute/ReadDataM_r_reg[31]_275[0] |                    |                            |               17 |             64 |
|  Execute/ReadDataM_r_reg[31]_317[0] |                    |                            |               18 |             64 |
|  Execute/ReadDataM_r_reg[31]_319[0] |                    |                            |               13 |             64 |
|  Execute/ReadDataM_r_reg[31]_32[0]  |                    |                            |               14 |             64 |
|  Execute/ReadDataM_r_reg[31]_287[0] |                    |                            |               14 |             64 |
|  Execute/ReadDataM_r_reg[31]_322[0] |                    |                            |               19 |             64 |
|  Execute/ReadDataM_r_reg[31]_323[0] |                    |                            |               13 |             64 |
|  Execute/ReadDataM_r_reg[31]_274[0] |                    |                            |               17 |             64 |
|  Execute/ReadDataM_r_reg[31]_271[0] |                    |                            |               14 |             64 |
|  Execute/ReadDataM_r_reg[31]_289[0] |                    |                            |               14 |             64 |
|  Execute/ReadDataM_r_reg[31]_297[0] |                    |                            |               14 |             64 |
|  Execute/ReadDataM_r_reg[31]_307[0] |                    |                            |               12 |             64 |
|  Execute/ReadDataM_r_reg[31]_28[0]  |                    |                            |               13 |             64 |
|  Execute/ReadDataM_r_reg[31]_312[0] |                    |                            |               13 |             64 |
|  Execute/ReadDataM_r_reg[31]_320[0] |                    |                            |               16 |             64 |
|  Execute/ReadDataM_r_reg[31]_321[0] |                    |                            |               16 |             64 |
|  Execute/ReadDataM_r_reg[31]_284[0] |                    |                            |               15 |             64 |
|  Execute/ReadDataM_r_reg[31]_277[0] |                    |                            |               16 |             64 |
|  Execute/ReadDataM_r_reg[31]_335[0] |                    |                            |               15 |             64 |
|  Execute/ReadDataM_r_reg[31]_351[0] |                    |                            |               14 |             64 |
|  Execute/ReadDataM_r_reg[31]_348[0] |                    |                            |               19 |             64 |
|  Execute/ReadDataM_r_reg[31]_45[0]  |                    |                            |               12 |             64 |
|  Execute/ReadDataM_r_reg[31]_46[0]  |                    |                            |               16 |             64 |
|  Execute/ReadDataM_r_reg[31]_350[0] |                    |                            |               15 |             64 |
|  Execute/ReadDataM_r_reg[31]_358[0] |                    |                            |               18 |             64 |
|  Execute/ReadDataM_r_reg[31]_36[0]  |                    |                            |               15 |             64 |
|  Execute/ReadDataM_r_reg[31]_330[0] |                    |                            |               16 |             64 |
|  Execute/ReadDataM_r_reg[31]_38[0]  |                    |                            |               15 |             64 |
|  Execute/ReadDataM_r_reg[31]_53[0]  |                    |                            |               18 |             64 |
|  Execute/ReadDataM_r_reg[31]_34[0]  |                    |                            |               15 |             64 |
|  Execute/ReadDataM_r_reg[31]_55[0]  |                    |                            |               18 |             64 |
|  Execute/ReadDataM_r_reg[31]_41[0]  |                    |                            |               14 |             64 |
|  Execute/ReadDataM_r_reg[31]_343[0] |                    |                            |               13 |             64 |
|  Execute/ReadDataM_r_reg[31]_44[0]  |                    |                            |               12 |             64 |
|  Execute/ReadDataM_r_reg[31]_357[0] |                    |                            |               14 |             64 |
|  Execute/ReadDataM_r_reg[31]_49[0]  |                    |                            |               15 |             64 |
|  Execute/ReadDataM_r_reg[31]_50[0]  |                    |                            |               22 |             64 |
|  Execute/ReadDataM_r_reg[31]_52[0]  |                    |                            |               15 |             64 |
|  Execute/ReadDataM_r_reg[31]_56[0]  |                    |                            |               16 |             64 |
|  Execute/ReadDataM_r_reg[31]_341[0] |                    |                            |               13 |             64 |
|  Execute/ReadDataM_r_reg[31]_355[0] |                    |                            |               14 |             64 |
|  Execute/ReadDataM_r_reg[31]_333[0] |                    |                            |               12 |             64 |
|  Execute/ReadDataM_r_reg[31]_336[0] |                    |                            |               13 |             64 |
|  Execute/ReadDataM_r_reg[31]_340[0] |                    |                            |               15 |             64 |
|  Execute/ReadDataM_r_reg[31]_328[0] |                    |                            |               15 |             64 |
|  Execute/ReadDataM_r_reg[31]_329[0] |                    |                            |               13 |             64 |
|  Execute/ReadDataM_r_reg[31]_332[0] |                    |                            |               13 |             64 |
|  Execute/ReadDataM_r_reg[31]_334[0] |                    |                            |               15 |             64 |
|  Execute/ReadDataM_r_reg[31]_342[0] |                    |                            |               15 |             64 |
|  Execute/ReadDataM_r_reg[31]_346[0] |                    |                            |               13 |             64 |
|  Execute/ReadDataM_r_reg[31]_331[0] |                    |                            |               15 |             64 |
|  Execute/ReadDataM_r_reg[31]_347[0] |                    |                            |               15 |             64 |
|  Execute/ReadDataM_r_reg[31]_344[0] |                    |                            |               13 |             64 |
|  Execute/ReadDataM_r_reg[31]_349[0] |                    |                            |               13 |             64 |
|  Execute/ReadDataM_r_reg[31]_354[0] |                    |                            |               14 |             64 |
|  Execute/ReadDataM_r_reg[31]_39[0]  |                    |                            |               14 |             64 |
|  Execute/ReadDataM_r_reg[31]_40[0]  |                    |                            |               13 |             64 |
|  Execute/ReadDataM_r_reg[31]_352[0] |                    |                            |               15 |             64 |
|  Execute/ReadDataM_r_reg[31]_54[0]  |                    |                            |               16 |             64 |
|  Execute/ReadDataM_r_reg[31]_37[0]  |                    |                            |               14 |             64 |
|  Execute/ReadDataM_r_reg[31]_345[0] |                    |                            |               14 |             64 |
|  Execute/ReadDataM_r_reg[31]_51[0]  |                    |                            |               18 |             64 |
|  Execute/ReadDataM_r_reg[31]_353[0] |                    |                            |               13 |             64 |
|  Execute/ReadDataM_r_reg[31]_356[0] |                    |                            |               13 |             64 |
|  Execute/ReadDataM_r_reg[31]_57[0]  |                    |                            |               13 |             64 |
|  Execute/ReadDataM_r_reg[31]_339[0] |                    |                            |               14 |             64 |
|  Execute/ReadDataM_r_reg[31]_338[0] |                    |                            |               17 |             64 |
|  Execute/ReadDataM_r_reg[31]_42[0]  |                    |                            |               14 |             64 |
|  Execute/ReadDataM_r_reg[31]_359[0] |                    |                            |               18 |             64 |
|  Execute/ReadDataM_r_reg[31]_47[0]  |                    |                            |               11 |             64 |
|  Execute/ReadDataM_r_reg[31]_48[0]  |                    |                            |               14 |             64 |
|  Execute/ReadDataM_r_reg[31]_58[0]  |                    |                            |               13 |             64 |
|  Execute/ReadDataM_r_reg[31]_337[0] |                    |                            |               14 |             64 |
|  Execute/ReadDataM_r_reg[31]_33[0]  |                    |                            |               13 |             64 |
|  Execute/ReadDataM_r_reg[31]_59[0]  |                    |                            |               23 |             64 |
|  Execute/ReadDataM_r_reg[31]_35[0]  |                    |                            |               15 |             64 |
|  Execute/ReadDataM_r_reg[31]_43[0]  |                    |                            |               11 |             64 |
|  Execute/ReadDataM_r_reg[31]_66[0]  |                    |                            |               16 |             64 |
|  Execute/ReadDataM_r_reg[31]_67[0]  |                    |                            |               15 |             64 |
|  Execute/ReadDataM_r_reg[31]_68[0]  |                    |                            |               21 |             64 |
|  Execute/ReadDataM_r_reg[31]_62[0]  |                    |                            |               21 |             64 |
|  Execute/ReadDataM_r_reg[31]_69[0]  |                    |                            |               12 |             64 |
|  Execute/ReadDataM_r_reg[31]_63[0]  |                    |                            |               20 |             64 |
|  Execute/ReadDataM_r_reg[31]_65[0]  |                    |                            |               18 |             64 |
|  Execute/ReadDataM_r_reg[31]_61[0]  |                    |                            |               21 |             64 |
|  Execute/ReadDataM_r_reg[31]_60[0]  |                    |                            |               21 |             64 |
|  Execute/ReadDataM_r_reg[31]_64[0]  |                    |                            |               16 |             64 |
|  Execute/E[0]                       |                    |                            |               16 |             64 |
|  Execute/ReadDataM_r_reg[31]_80[0]  |                    |                            |               18 |             64 |
|  Execute/ReadDataM_r_reg[31]_81[0]  |                    |                            |                9 |             64 |
|  Execute/ReadDataM_r_reg[31]_78[0]  |                    |                            |               17 |             64 |
|  Execute/ReadDataM_r_reg[31]_79[0]  |                    |                            |               19 |             64 |
|  Execute/ReadDataM_r_reg[31]_73[0]  |                    |                            |               14 |             64 |
|  Execute/ReadDataM_r_reg[31]_70[0]  |                    |                            |               14 |             64 |
|  Execute/ReadDataM_r_reg[31]_72[0]  |                    |                            |               14 |             64 |
|  Execute/ReadDataM_r_reg[31]_75[0]  |                    |                            |               13 |             64 |
|  Execute/ReadDataM_r_reg[31]_77[0]  |                    |                            |               17 |             64 |
|  Execute/ReadDataM_r_reg[31]_74[0]  |                    |                            |               16 |             64 |
|  Execute/ReadDataM_r_reg[31]_76[0]  |                    |                            |               16 |             64 |
|  Execute/ReadDataM_r_reg[31]_71[0]  |                    |                            |               14 |             64 |
|  Execute/ReadDataM_r_reg[31]_99[0]  |                    |                            |               17 |             64 |
|  Execute/ReadDataM_r_reg[31]_86[0]  |                    |                            |               15 |             64 |
|  Execute/ReadDataM_r_reg[31]_89[0]  |                    |                            |               16 |             64 |
|  Execute/ReadDataM_r_reg[31]_96[0]  |                    |                            |               15 |             64 |
|  Execute/ReadDataM_r_reg[31]_98[0]  |                    |                            |               15 |             64 |
|  Execute/ReadDataM_r_reg[31]_95[0]  |                    |                            |               13 |             64 |
|  Execute/ReadDataM_r_reg[31]_91[0]  |                    |                            |               14 |             64 |
|  Execute/ReadDataM_r_reg[31]_85[0]  |                    |                            |               14 |             64 |
|  Execute/ReadDataM_r_reg[31]_84[0]  |                    |                            |               16 |             64 |
|  Execute/ReadDataM_r_reg[31]_87[0]  |                    |                            |               17 |             64 |
|  Execute/ReadDataM_r_reg[31]_82[0]  |                    |                            |               16 |             64 |
|  Execute/ReadDataM_r_reg[31]_83[0]  |                    |                            |               16 |             64 |
|  Execute/ReadDataM_r_reg[31]_90[0]  |                    |                            |               15 |             64 |
|  Execute/ReadDataM_r_reg[31]_93[0]  |                    |                            |               15 |             64 |
|  Execute/ReadDataM_r_reg[31]_92[0]  |                    |                            |               16 |             64 |
|  Execute/ReadDataM_r_reg[31]_94[0]  |                    |                            |               17 |             64 |
|  Execute/ReadDataM_r_reg[31]_88[0]  |                    |                            |               13 |             64 |
|  Execute/ReadDataM_r_reg[31]_97[0]  |                    |                            |               16 |             64 |
|  n_5_8171_BUFG                      |                    |                            |               17 |             64 |
|  n_0_8353_BUFG                      |                    |                            |               18 |             64 |
|  n_3_9648_BUFG                      |                    |                            |               18 |             64 |
|  n_7_7975_BUFG                      |                    |                            |               20 |             64 |
|  n_1_149_BUFG                       |                    |                            |               18 |             64 |
|  Execute/ReadDataM_r_reg[0]_11[0]   |                    |                            |               15 |             64 |
|  Execute/ReadDataM_r_reg[0]_110[0]  |                    |                            |               17 |             64 |
|  Execute/ReadDataM_r_reg[0]_111[0]  |                    |                            |               16 |             64 |
|  n_4_150_BUFG                       |                    |                            |               19 |             64 |
|  n_8_7967_BUFG                      |                    |                            |               18 |             64 |
|  n_6_7966_BUFG                      |                    |                            |               20 |             64 |
|  n_9_7976_BUFG                      |                    |                            |               20 |             64 |
|  n_2_8053_BUFG                      |                    |                            |               18 |             64 |
| ~clk_BUFG                           | Memory/p_0_in1_out |                            |               12 |            192 |
|  clk_BUFG                           | Fetch/E[0]         | Execute/ResultE_r_reg[3]_0 |               38 |            448 |
|  clk_BUFG                           |                    | Execute/ResultE_r_reg[3]_0 |              113 |           1110 |
+-------------------------------------+--------------------+----------------------------+------------------+----------------+


