#-----------------------------------------------------------
# Webtalk v2018.2 (64-bit)
# SW Build 2258646 on Thu Jun 14 20:03:12 MDT 2018
# IP Build 2256618 on Thu Jun 14 22:10:49 MDT 2018
# Start of session at: Thu Aug 10 21:49:51 2023
# Process ID: 2068
# Current directory: E:/UNI/FYP/FYP--Risc-V-32-bit-Matrix-Mac/Project/Pipline_5_stage_Processor_V_1.0/Pipline_5_stage_Processor_V_1.0.sim/Pipeline_Top_SimSet/behav/xsim
# Command line: wbtcv.exe -mode batch -source E:/UNI/FYP/FYP--Risc-V-32-bit-Matrix-Mac/Project/Pipline_5_stage_Processor_V_1.0/Pipline_5_stage_Processor_V_1.0.sim/Pipeline_Top_SimSet/behav/xsim/xsim.dir/Pipelined_Top_Testbench_behav/webtalk/xsim_webtalk.tcl -notrace
# Log file: E:/UNI/FYP/FYP--Risc-V-32-bit-Matrix-Mac/Project/Pipline_5_stage_Processor_V_1.0/Pipline_5_stage_Processor_V_1.0.sim/Pipeline_Top_SimSet/behav/xsim/webtalk.log
# Journal file: E:/UNI/FYP/FYP--Risc-V-32-bit-Matrix-Mac/Project/Pipline_5_stage_Processor_V_1.0/Pipline_5_stage_Processor_V_1.0.sim/Pipeline_Top_SimSet/behav/xsim\webtalk.jou
#-----------------------------------------------------------
source E:/UNI/FYP/FYP--Risc-V-32-bit-Matrix-Mac/Project/Pipline_5_stage_Processor_V_1.0/Pipline_5_stage_Processor_V_1.0.sim/Pipeline_Top_SimSet/behav/xsim/xsim.dir/Pipelined_Top_Testbench_behav/webtalk/xsim_webtalk.tcl -notrace
